State                                                                                                                                                                                                                                                           TotalShootings
--------------------------------------------------------------------------------------------------------------------------------------------------------------------------------------------------------------------------------------------------------------- --------------
Illinois                                                                                                                                                                                                                                                        249
California                                                                                                                                                                                                                                                      185
Texas                                                                                                                                                                                                                                                           177
Florida                                                                                                                                                                                                                                                         125
Pennsylvania                                                                                                                                                                                                                                                    113
Louisiana                                                                                                                                                                                                                                                       112
New York                                                                                                                                                                                                                                                        108
Ohio                                                                                                                                                                                                                                                            86
Georgia                                                                                                                                                                                                                                                         82
Michigan                                                                                                                                                                                                                                                        78
North Carolina                                                                                                                                                                                                                                                  78
Missouri                                                                                                                                                                                                                                                        75
Maryland                                                                                                                                                                                                                                                        73
Tennessee                                                                                                                                                                                                                                                       68
Alabama                                                                                                                                                                                                                                                         68
South Carolina                                                                                                                                                                                                                                                  63
New Jersey                                                                                                                                                                                                                                                      48
Virginia                                                                                                                                                                                                                                                        48
Indiana                                                                                                                                                                                                                                                         46
Mississippi                                                                                                                                                                                                                                                     45
Colorado                                                                                                                                                                                                                                                        41
Wisconsin                                                                                                                                                                                                                                                       35
Arkansas                                                                                                                                                                                                                                                        33
Washington, D.C.                                                                                                                                                                                                                                                29
Kentucky                                                                                                                                                                                                                                                        28
Arizona                                                                                                                                                                                                                                                         26
Minnesota                                                                                                                                                                                                                                                       23
Washington                                                                                                                                                                                                                                                      21
Oklahoma                                                                                                                                                                                                                                                        20
Nevada                                                                                                                                                                                                                                                          20
Massachusetts                                                                                                                                                                                                                                                   17
Oregon                                                                                                                                                                                                                                                          17
Connecticut                                                                                                                                                                                                                                                     16
Iowa                                                                                                                                                                                                                                                            16
New Mexico                                                                                                                                                                                                                                                      14
Delaware                                                                                                                                                                                                                                                        13
Kansas                                                                                                                                                                                                                                                          12
Nebraska                                                                                                                                                                                                                                                        8
West Virginia                                                                                                                                                                                                                                                   5
District of Columbia                                                                                                                                                                                                                                            5
Alaska                                                                                                                                                                                                                                                          4
United States Virgin Islands                                                                                                                                                                                                                                    3
Washington D.C.                                                                                                                                                                                                                                                 3
Puerto Rico                                                                                                                                                                                                                                                     3
Utah                                                                                                                                                                                                                                                            3
Rhode Island                                                                                                                                                                                                                                                    3
Montana                                                                                                                                                                                                                                                         2
Hawaii                                                                                                                                                                                                                                                          2
South Dakota                                                                                                                                                                                                                                                    2
Idaho                                                                                                                                                                                                                                                           2
New Hampshire                                                                                                                                                                                                                                                   1
Wyoming                                                                                                                                                                                                                                                         1
Maine                                                                                                                                                                                                                                                           1

(53 rows affected)


Completion time: 2023-11-02T19:56:19.0200157+00:00
