Date       State                                                                                                                                                                                                                                                           Dead        Injured     Total       Description
---------- --------------------------------------------------------------------------------------------------------------------------------------------------------------------------------------------------------------------------------------------------------------- ----------- ----------- ----------- ----------------------------------------------------------------------------------------------------------------------------------------------------------------------------------------------------------------------------------------------------------------
2019-08-03 Texas                                                                                                                                                                                                                                                           23          23          46          2019 El Paso shooting: 23 people were killed and 23 were injured at a Walmart near the Cielo Vista Mall in a Hispanophobic massacre. The perpetrator was taken into custody.
2022-05-24 Texas                                                                                                                                                                                                                                                           22          18          40          Robb Elementary School shooting: An 18-year-old shot his grandmother at their home before driving to Robb Elementary School, where he entered the school unobstructed, barricading himself inside a classroom and fatally shooting twenty-one people, including 
2019-08-04 Ohio                                                                                                                                                                                                                                                            10          27          37          2019 Dayton shooting: A gunman killed nine people and injured 27 outside of a bar after he was denied entry, before being killed by police.
2018-02-14 Florida                                                                                                                                                                                                                                                         17          17          34          Stoneman Douglas High School shooting: A former student of Marjory Stoneman Douglas High School entered the school, killed seventeen people, and wounded seventeen others. He was taken into custody by police.
2019-08-31 Texas                                                                                                                                                                                                                                                           8           25          33          Midland–Odessa shooting: Eight people were killed, including the perpetrator, and 25 were wounded when a gunman opened fire on police and civilians after fleeing from a traffic stop.
2018-11-07 California                                                                                                                                                                                                                                                      13          16          29          Thousand Oaks shooting: A man entered a bar hosting a student line-dancing event and killed twelve people, including a police officer. Sixteen other people were injured, one of them by gunfire. The gunman then killed himself.
2022-03-19 Arkansas                                                                                                                                                                                                                                                        1           26          27          A gunfight between two people at a car show killed one bystander, and wounded 26 others, including five children.
2018-05-18 Texas                                                                                                                                                                                                                                                           10          14          24          Santa Fe High School shooting: A student at Santa Fe High School shot and killed ten people and wounded fourteen others. Explosive devices were also found, but they were not detonated. The suspect was taken into custody by police.
2018-06-17 New Jersey                                                                                                                                                                                                                                                      1           22          23          Art All Night shooting: Multiple gunmen wounded 17 people at the Art All Night festival. Five others were wounded when they were trampled by people around them. One of the suspected gunmen was shot and killed by police. Police suspect the shooting was gang
2021-05-30 Florida                                                                                                                                                                                                                                                         3           20          23          2021 Hialeah shooting: Three shooters stepped out of a white SUV, using assault rifles and handguns, and opened fire on a billiards club. Some of the gunmen are still at large.

(10 rows affected)


Completion time: 2023-11-02T20:20:00.1372305+00:00
