Date       State                                                                                                                                                                                                                                                           Dead        Injured     Total       Description
---------- --------------------------------------------------------------------------------------------------------------------------------------------------------------------------------------------------------------------------------------------------------------- ----------- ----------- ----------- ----------------------------------------------------------------------------------------------------------------------------------------------------------------------------------------------------------------------------------------------------------------
2019-08-03 Texas                                                                                                                                                                                                                                                           23          23          46          2019 El Paso shooting: 23 people were killed and 23 were injured at a Walmart near the Cielo Vista Mall in a Hispanophobic massacre. The perpetrator was taken into custody.

(1 row affected)


Completion time: 2023-11-02T20:24:14.7133085+00:00
