Date       State                                                                                                                                                                                                                                                           Dead        Injured     Total       Description
---------- --------------------------------------------------------------------------------------------------------------------------------------------------------------------------------------------------------------------------------------------------------------- ----------- ----------- ----------- ----------------------------------------------------------------------------------------------------------------------------------------------------------------------------------------------------------------------------------------------------------------
2019-08-04 Ohio                                                                                                                                                                                                                                                            10          27          37          2019 Dayton shooting: A gunman killed nine people and injured 27 outside of a bar after he was denied entry, before being killed by police.

(1 row affected)


Completion time: 2023-11-02T20:26:03.5224391+00:00
